[2026-09-17T23:17:45.929Z] SERVER
method: GET
url: /
status: 200
duration: 3ms
[2026-09-17T23:17:46.271Z] SERVER
method: POST
url: /test/reset
status: 204
duration: 1ms
[2026-09-17T23:17:46.676Z] SERVER
method: GET
url: /
status: 200
duration: 1ms
[2026-09-17T23:17:46.691Z] SERVER
method: GET
url: /app.js
status: 200
duration: 0ms
[2026-09-17T23:17:46.713Z] SERVER
method: GET
url: /api.js
status: 200
duration: 1ms
[2026-09-17T23:17:46.799Z] SERVER
method: POST
url: /api/users
status: 201
duration: 6ms
[2026-09-17T23:17:46.850Z] SERVER
method: GET
url: /api/users/1
status: 200
duration: 1ms
[2026-09-17T23:17:46.852Z] SERVER
method: GET
url: /api/transactions/1
status: 200
duration: 0ms
[2026-09-17T23:17:46.855Z] SERVER
method: GET
url: /api/users/4
status: 200
duration: 1ms
[2026-09-17T23:17:46.857Z] SERVER
method: GET
url: /api/transactions/4
status: 200
duration: 0ms
[2026-09-17T23:17:46.861Z] SERVER
method: GET
url: /transactions.html
status: 200
duration: 1ms
[2026-09-17T23:17:46.865Z] SERVER
method: GET
url: /transactions.js
status: 200
duration: 1ms
[2026-09-17T23:17:46.867Z] SERVER
method: GET
url: /api.js
status: 304
duration: 1ms
[2026-09-17T23:17:46.867Z] SERVER
method: GET
url: /mock-session.js
status: 200
duration: 1ms
[2026-09-17T23:17:46.920Z] SERVER
method: POST
url: /api/transactions
status: 201
duration: 1ms
[2026-09-17T23:17:46.950Z] SERVER
method: GET
url: /api/users/4
status: 200
duration: 1ms
[2026-09-17T23:17:46.953Z] SERVER
method: GET
url: /api/transactions/4
status: 200
duration: 1ms
[2026-09-17T23:17:46.955Z] SERVER
method: GET
url: /api/users/1
status: 200
duration: 0ms
[2026-09-17T23:17:46.957Z] SERVER
method: GET
url: /api/transactions/1
status: 200
duration: 0ms
[2026-09-17T23:17:47.235Z] SERVER
method: POST
url: /test/reset
status: 204
duration: 0ms
[2026-09-17T23:17:48.186Z] SERVER
method: GET
url: /
status: 200
duration: 1ms
[2026-09-17T23:17:48.264Z] SERVER
method: GET
url: /app.js
status: 200
duration: 1ms
[2026-09-17T23:17:48.270Z] SERVER
method: GET
url: /api.js
status: 200
duration: 1ms
[2026-09-17T23:17:48.276Z] SERVER
method: GET
url: /favicon.ico
status: 404
duration: 1ms
[2026-09-17T23:17:48.421Z] SERVER
method: POST
url: /api/users
status: 201
duration: 1ms
[2026-09-17T23:17:48.436Z] SERVER
method: GET
url: /api/users/1
status: 200
duration: 0ms
[2026-09-17T23:17:48.438Z] SERVER
method: GET
url: /api/transactions/1
status: 200
duration: 0ms
[2026-09-17T23:17:48.441Z] SERVER
method: GET
url: /api/users/4
status: 200
duration: 1ms
[2026-09-17T23:17:48.443Z] SERVER
method: GET
url: /api/transactions/4
status: 200
duration: 0ms
[2026-09-17T23:17:48.449Z] SERVER
method: GET
url: /transactions.html
status: 200
duration: 1ms
[2026-09-17T23:17:48.459Z] SERVER
method: GET
url: /transactions.js
status: 200
duration: 0ms
[2026-09-17T23:17:48.461Z] SERVER
method: GET
url: /api.js
status: 304
duration: 0ms
[2026-09-17T23:17:48.462Z] SERVER
method: GET
url: /mock-session.js
status: 200
duration: 1ms
[2026-09-17T23:17:48.517Z] SERVER
method: POST
url: /api/transactions
status: 201
duration: 0ms
[2026-09-17T23:17:48.528Z] SERVER
method: GET
url: /api/users/4
status: 200
duration: 3ms
[2026-09-17T23:17:48.536Z] SERVER
method: GET
url: /api/transactions/4
status: 200
duration: 1ms
[2026-09-17T23:17:48.542Z] SERVER
method: GET
url: /api/users/1
status: 200
duration: 1ms
[2026-09-17T23:17:48.549Z] SERVER
method: GET
url: /api/transactions/1
status: 200
duration: 1ms
